// Jest Snapshot v1, https://goo.gl/fbAQLP

exports[`matches snapshot 1`] = `
<DocumentFragment>
  <div
    class="flex justify-between items-center mb-4"
  >
    <div>
      <h3
        class="text-lg font-semibold"
      >
        snapshot-template
      </h3>
      <p
        class="text-xs text-muted-foreground"
      >
        Last updated: 5/24/2025, 1:00:00 PM
      </p>
    </div>
    <a
      href="/admin/templates-new?copy=snapshot-template"
    >
      <button
        class="text-sm text-blue-500 hover:underline"
      >
        Duplicate Template
      </button>
    </a>
  </div>
</DocumentFragment>
`;
